============================= test session starts =============================
collecting ... collected 77 items

tests/test_model.py::TestComponentCreation::test_minimal_component PASSED [  1%]
tests/test_model.py::TestComponentCreation::test_all_kinds PASSED        [  2%]
tests/test_model.py::TestComponentCreation::test_inlet_spec_defaults PASSED [  3%]
tests/test_model.py::TestComponentCreation::test_outlet_spec_defaults PASSED [  5%]
tests/test_model.py::TestComponentCreation::test_notes_round_trip PASSED [  6%]
tests/test_model.py::TestComponentProperties::test_upstream_id_single PASSED [  7%]
tests/test_model.py::TestComponentProperties::test_upstream_id_none PASSED [  9%]
tests/test_model.py::TestComponentProperties::test_upstream_id_setter PASSED [ 10%]
tests/test_model.py::TestComponentProperties::test_downstream_id_single PASSED [ 11%]
tests/test_model.py::TestComponentProperties::test_downstream_id_none PASSED [ 12%]
tests/test_model.py::TestComponentProperties::test_downstream_id_setter PASSED [ 14%]
tests/test_model.py::TestComponentProperties::test_center_default PASSED [ 15%]
tests/test_model.py::TestComponentProperties::test_inlet_port_default PASSED [ 16%]
tests/test_model.py::TestComponentProperties::test_outlet_port_default PASSED [ 18%]
tests/test_model.py::TestCircuitAddRemove::test_add_component PASSED     [ 19%]
tests/test_model.py::TestCircuitAddRemove::test_add_multiple_components PASSED [ 20%]
tests/test_model.py::TestCircuitAddRemove::test_remove_component PASSED  [ 22%]
tests/test_model.py::TestCircuitAddRemove::test_remove_clears_connections PASSED [ 23%]
tests/test_model.py::TestCircuitConnectDisconnect::test_connect PASSED   [ 24%]
tests/test_model.py::TestCircuitConnectDisconnect::test_connect_self_rejected PASSED [ 25%]
tests/test_model.py::TestCircuitConnectDisconnect::test_disconnect PASSED [ 27%]
tests/test_model.py::TestCircuitConnectDisconnect::test_connect_duplicate PASSED [ 28%]
tests/test_model.py::TestCircuitConnectDisconnect::test_incoming_outgoing PASSED [ 29%]
tests/test_model.py::TestTraversal::test_ordered_path_linear PASSED      [ 31%]
tests/test_model.py::TestTraversal::test_ordered_path_branch_follows_first PASSED [ 32%]
tests/test_model.py::TestTraversal::test_traversal_order_linear PASSED   [ 33%]
tests/test_model.py::TestTraversal::test_traversal_order_branch PASSED   [ 35%]
tests/test_model.py::TestTraversal::test_traversal_order_loop PASSED     [ 36%]
tests/test_model.py::TestTraversal::test_traversal_order_orphans_appended PASSED [ 37%]
tests/test_model.py::TestTraversal::test_empty_circuit PASSED            [ 38%]
tests/test_model.py::TestThermoSpec::test_defined_count_zero PASSED      [ 40%]
tests/test_model.py::TestThermoSpec::test_defined_count_single PASSED    [ 41%]
tests/test_model.py::TestThermoSpec::test_defined_count_multiple PASSED  [ 42%]
tests/test_model.py::TestThermoSpec::test_to_state_spec_preserves_state_fields PASSED [ 44%]
tests/test_model.py::TestThermoSpec::test_to_state_spec_omits_equipment PASSED [ 45%]
tests/test_model.py::TestThermoSpec::test_pretty_non_empty PASSED        [ 46%]
tests/test_model.py::TestThermoSpec::test_pretty_empty PASSED            [ 48%]
tests/test_persistence.py::TestCircuitRoundTrip::test_circuit_to_dict_round_trip PASSED [ 49%]
tests/test_persistence.py::TestCircuitRoundTrip::test_connections_preserved PASSED [ 50%]
tests/test_persistence.py::TestCircuitRoundTrip::test_thermo_spec_preserved PASSED [ 51%]
tests/test_persistence.py::TestCircuitRoundTrip::test_empty_circuit_round_trip PASSED [ 53%]
tests/test_persistence.py::TestCircuitRoundTrip::test_circuit_without_seed PASSED [ 54%]
tests/test_persistence.py::TestProjectFileSaveLoad::test_save_and_load PASSED [ 55%]
tests/test_persistence.py::TestComponentFieldsRoundTrip::test_all_fields PASSED [ 57%]
tests/test_solver.py::TestReheatRankineDemo::test_demo_solves_well_defined PASSED [ 58%]
tests/test_solver.py::TestReheatRankineDemo::test_demo_thermal_efficiency PASSED [ 59%]
tests/test_solver.py::TestReheatRankineDemo::test_demo_net_work_positive PASSED [ 61%]
tests/test_solver.py::TestReheatRankineDemo::test_demo_pump_work PASSED  [ 62%]
tests/test_solver.py::TestReheatRankineDemo::test_demo_turbine_work PASSED [ 63%]
tests/test_solver.py::TestReheatRankineDemo::test_demo_heat_in PASSED    [ 64%]
tests/test_solver.py::TestReheatRankineDemo::test_demo_heat_out PASSED   [ 66%]
tests/test_solver.py::TestReheatRankineDemo::test_demo_no_errors PASSED  [ 67%]
tests/test_solver.py::TestReheatRankineDemo::test_demo_has_all_results PASSED [ 68%]
tests/test_solver.py::TestReheatRankineDemo::test_demo_component_statuses PASSED [ 70%]
tests/test_solver.py::TestIsentropicTurbine::test_turbine_solves PASSED  [ 71%]
tests/test_solver.py::TestIsentropicTurbine::test_turbine_outlet_enthalpy PASSED [ 72%]
tests/test_solver.py::TestIsentropicTurbine::test_turbine_work PASSED    [ 74%]
tests/test_solver.py::TestIsentropicPump::test_pump_solves PASSED        [ 75%]
tests/test_solver.py::TestIsentropicPump::test_pump_outlet_enthalpy PASSED [ 76%]
tests/test_solver.py::TestIsentropicPump::test_pump_work PASSED          [ 77%]
tests/test_solver.py::TestIsenthalpicValve::test_valve_solves PASSED     [ 79%]
tests/test_solver.py::TestIsenthalpicValve::test_valve_conserves_enthalpy PASSED [ 80%]
tests/test_solver.py::TestIsenthalpicValve::test_valve_pressure_drops PASSED [ 81%]
tests/test_solver.py::TestIsobaricBoiler::test_boiler_solves PASSED      [ 83%]
tests/test_solver.py::TestIsobaricBoiler::test_boiler_pressure_constant PASSED [ 84%]
tests/test_solver.py::TestIsobaricBoiler::test_boiler_heat_added PASSED  [ 85%]
tests/test_solver.py::TestConstraintDiagnostics::test_single_turbine_is_well_defined PASSED [ 87%]
tests/test_solver.py::TestConstraintDiagnostics::test_empty_circuit_underconstrained PASSED [ 88%]
tests/test_solver.py::TestConstraintDiagnostics::test_underconstrained_missing_pressure PASSED [ 89%]
tests/test_solver.py::TestSolverErrors::test_no_start_component PASSED   [ 90%]
tests/test_solver.py::TestSolverErrors::test_no_seed_state PASSED        [ 92%]
tests/test_solver.py::TestCircuitSolutionSummary::test_summary_lines PASSED [ 93%]
tests/test_solver.py::TestCircuitSolutionSummary::test_summary_underconstrained PASSED [ 94%]
tests/test_solver.py::TestSteamPropertyBackend::test_supported_pairs PASSED [ 96%]
tests/test_solver.py::TestSteamPropertyBackend::test_unsupported_pair_raises PASSED [ 97%]
tests/test_solver.py::TestSteamPropertyBackend::test_round_trip_same_state PASSED [ 98%]
tests/test_solver.py::TestSteamPropertyBackend::test_different_state PASSED [100%]

============================= 77 passed in 2.08s ==============================
