........................................................................ [ 93%]
.....                                                                    [100%]
77 passed in 4.08s
